python : Traceback (most 
recent call last):
At line:1 char:1
+ python -c "import 
urllib.request, json; r=ur
llib.request.urlopen('htt 
...
+ ~~~~~~~~~~~~~~~~~~~~~~~~
~~~~~~~~~~~~~~~~~~~~~~~~~~
~~~~~~~~~~~~~~~~~~~
    + CategoryInfo        
      : NotSpecified: (T  
  raceback (most recent   
  call last)::String)     
[], RemoteException
    + FullyQualifiedError 
   Id : NativeCommandErr  
  or
 
  File "<string>", line 
1, in <module>
    import 
urllib.request, json; r=ur
llib.request.urlopen('http
://localhost:3000/api/reco
mmend/ai/models'); print(j
son.loads(r.read()))
                          
                          
                          
                          
    ~~~~~^^^^^^^^^^^^^^^^^
^^^^^
  File "D:\Environment\min
iconda3\Lib\encodings\cp12
52.py", line 19, in encode
    return codecs.charmap_
encode(input,self.errors,e
ncoding_table)[0]
           ~~~~~~~~~~~~~~~
~~~~~~^^^^^^^^^^^^^^^^^^^^
^^^^^^^^^^^^^^
UnicodeEncodeError: 
'charmap' codec can't 
encode characters in 
position 77-80: character 
maps to <undefined>
